// Jest Snapshot v1, https://goo.gl/fbAQLP

exports[`integ snapshot validation 1`] = `
Object {
  "Outputs": Object {
    "GitlabEksClusterConfigCommandA049D964": Object {
      "Value": Object {
        "Fn::Join": Array [
          "",
          Array [
            "aws eks update-kubeconfig --name ",
            Object {
              "Ref": "GitlabEksCluster04011DE8",
            },
            " --region us-east-1 --role-arn ",
            Object {
              "Fn::GetAtt": Array [
                "GitlabEksClusterMastersRole5C87183A",
                "Arn",
              ],
            },
          ],
        ],
      },
    },
    "GitlabEksClusterGetTokenCommandB9B77F39": Object {
      "Value": Object {
        "Fn::Join": Array [
          "",
          Array [
            "aws eks get-token --cluster-name ",
            Object {
              "Ref": "GitlabEksCluster04011DE8",
            },
            " --region us-east-1 --role-arn ",
            Object {
              "Fn::GetAtt": Array [
                "GitlabEksClusterMastersRole5C87183A",
                "Arn",
              ],
            },
          ],
        ],
      },
    },
    "GitlabProviderRegionAAFDAA56": Object {
      "Value": "us-east-1",
    },
  },
  "Parameters": Object {
    "AssetParameters50e10880d134a01b440991fc77d217f39f01c2d56945215ee9a3b81187c6f3b1ArtifactHash32F5D823": Object {
      "Description": "Artifact hash for asset \\"50e10880d134a01b440991fc77d217f39f01c2d56945215ee9a3b81187c6f3b1\\"",
      "Type": "String",
    },
    "AssetParameters50e10880d134a01b440991fc77d217f39f01c2d56945215ee9a3b81187c6f3b1S3Bucket36C546E0": Object {
      "Description": "S3 bucket for asset \\"50e10880d134a01b440991fc77d217f39f01c2d56945215ee9a3b81187c6f3b1\\"",
      "Type": "String",
    },
    "AssetParameters50e10880d134a01b440991fc77d217f39f01c2d56945215ee9a3b81187c6f3b1S3VersionKey85C003F9": Object {
      "Description": "S3 key for asset version \\"50e10880d134a01b440991fc77d217f39f01c2d56945215ee9a3b81187c6f3b1\\"",
      "Type": "String",
    },
    "AssetParameters578cc0b22693dc0174d1d1ed44a3bfc0a64a8c8ffb2826565a056f82b70b7316ArtifactHash49E4AB55": Object {
      "Description": "Artifact hash for asset \\"578cc0b22693dc0174d1d1ed44a3bfc0a64a8c8ffb2826565a056f82b70b7316\\"",
      "Type": "String",
    },
    "AssetParameters578cc0b22693dc0174d1d1ed44a3bfc0a64a8c8ffb2826565a056f82b70b7316S3BucketC3B5FD73": Object {
      "Description": "S3 bucket for asset \\"578cc0b22693dc0174d1d1ed44a3bfc0a64a8c8ffb2826565a056f82b70b7316\\"",
      "Type": "String",
    },
    "AssetParameters578cc0b22693dc0174d1d1ed44a3bfc0a64a8c8ffb2826565a056f82b70b7316S3VersionKey87F332F5": Object {
      "Description": "S3 key for asset version \\"578cc0b22693dc0174d1d1ed44a3bfc0a64a8c8ffb2826565a056f82b70b7316\\"",
      "Type": "String",
    },
    "AssetParameters6f6ba65780b34ab5218a718dc1a30ed9a96795f1909db912b68ea7292e02ff74ArtifactHashD7A6A7E4": Object {
      "Description": "Artifact hash for asset \\"6f6ba65780b34ab5218a718dc1a30ed9a96795f1909db912b68ea7292e02ff74\\"",
      "Type": "String",
    },
    "AssetParameters6f6ba65780b34ab5218a718dc1a30ed9a96795f1909db912b68ea7292e02ff74S3Bucket172A5100": Object {
      "Description": "S3 bucket for asset \\"6f6ba65780b34ab5218a718dc1a30ed9a96795f1909db912b68ea7292e02ff74\\"",
      "Type": "String",
    },
    "AssetParameters6f6ba65780b34ab5218a718dc1a30ed9a96795f1909db912b68ea7292e02ff74S3VersionKey0EB86A6B": Object {
      "Description": "S3 key for asset version \\"6f6ba65780b34ab5218a718dc1a30ed9a96795f1909db912b68ea7292e02ff74\\"",
      "Type": "String",
    },
    "AssetParametersb7d8a9750f8bfded8ac76be100e3bee1c3d4824df006766110d023f42952f5c2ArtifactHashE86B38C7": Object {
      "Description": "Artifact hash for asset \\"b7d8a9750f8bfded8ac76be100e3bee1c3d4824df006766110d023f42952f5c2\\"",
      "Type": "String",
    },
    "AssetParametersb7d8a9750f8bfded8ac76be100e3bee1c3d4824df006766110d023f42952f5c2S3Bucket9ABBD5A2": Object {
      "Description": "S3 bucket for asset \\"b7d8a9750f8bfded8ac76be100e3bee1c3d4824df006766110d023f42952f5c2\\"",
      "Type": "String",
    },
    "AssetParametersb7d8a9750f8bfded8ac76be100e3bee1c3d4824df006766110d023f42952f5c2S3VersionKey40FF2C4A": Object {
      "Description": "S3 key for asset version \\"b7d8a9750f8bfded8ac76be100e3bee1c3d4824df006766110d023f42952f5c2\\"",
      "Type": "String",
    },
    "AssetParametersc691172cdeefa2c91b5a2907f9d81118e47597634943344795f1a844192dd49cArtifactHash627DAAA7": Object {
      "Description": "Artifact hash for asset \\"c691172cdeefa2c91b5a2907f9d81118e47597634943344795f1a844192dd49c\\"",
      "Type": "String",
    },
    "AssetParametersc691172cdeefa2c91b5a2907f9d81118e47597634943344795f1a844192dd49cS3BucketEAC9DD43": Object {
      "Description": "S3 bucket for asset \\"c691172cdeefa2c91b5a2907f9d81118e47597634943344795f1a844192dd49c\\"",
      "Type": "String",
    },
    "AssetParametersc691172cdeefa2c91b5a2907f9d81118e47597634943344795f1a844192dd49cS3VersionKeyDD9AE9E7": Object {
      "Description": "S3 key for asset version \\"c691172cdeefa2c91b5a2907f9d81118e47597634943344795f1a844192dd49c\\"",
      "Type": "String",
    },
  },
  "Resources": Object {
    "FargateRunnerClusterFFA572F1": Object {
      "Type": "AWS::ECS::Cluster",
    },
    "FargateRunnerFargateSecurityGroupC01BE5FB": Object {
      "Properties": Object {
        "GroupDescription": "integ-stack/FargateRunner/FargateSecurityGroup",
        "SecurityGroupEgress": Array [
          Object {
            "CidrIp": "0.0.0.0/0",
            "Description": "Allow all outbound traffic by default",
            "IpProtocol": "-1",
          },
        ],
        "VpcId": Object {
          "Ref": "Vpc8378EB38",
        },
      },
      "Type": "AWS::EC2::SecurityGroup",
    },
    "FargateRunnerFargateSecurityGroupfromintegstackFargateRunnerFargateSecurityGroup80E7C35AALLTRAFFIC502EB20B": Object {
      "Properties": Object {
        "Description": "from integstackFargateRunnerFargateSecurityGroup80E7C35A:ALL TRAFFIC",
        "GroupId": Object {
          "Fn::GetAtt": Array [
            "FargateRunnerFargateSecurityGroupC01BE5FB",
            "GroupId",
          ],
        },
        "IpProtocol": "-1",
        "SourceSecurityGroupId": Object {
          "Fn::GetAtt": Array [
            "FargateRunnerFargateSecurityGroupC01BE5FB",
            "GroupId",
          ],
        },
      },
      "Type": "AWS::EC2::SecurityGroupIngress",
    },
    "FargateRunnerJobExecutorJobsTaskEDEE4444": Object {
      "Properties": Object {
        "ContainerDefinitions": Array [
          Object {
            "Essential": true,
            "Image": "registry.gitlab.com/tmaczukin-test-projects/fargate-driver-debian:latest",
            "LogConfiguration": Object {
              "LogDriver": "awslogs",
              "Options": Object {
                "awslogs-group": Object {
                  "Ref": "FargateRunnerJobExecutorJobsTaskcicoordinatorLogGroupDEDE9F6E",
                },
                "awslogs-region": "us-east-1",
                "awslogs-stream-prefix": "GitlabRunnerJob",
              },
            },
            "Name": "ci-coordinator",
            "PortMappings": Array [
              Object {
                "ContainerPort": 22,
                "Protocol": "tcp",
              },
            ],
          },
        ],
        "Cpu": "256",
        "ExecutionRoleArn": Object {
          "Fn::GetAtt": Array [
            "FargateRunnerJobExecutorJobsTaskExecutionRole17061031",
            "Arn",
          ],
        },
        "Family": "integstackFargateRunnerJobExecutorJobsTask9CAD5439",
        "Memory": "512",
        "NetworkMode": "awsvpc",
        "RequiresCompatibilities": Array [
          "FARGATE",
        ],
        "TaskRoleArn": Object {
          "Fn::GetAtt": Array [
            "FargateRunnerJobExecutorJobsTaskTaskRole500E6ADF",
            "Arn",
          ],
        },
      },
      "Type": "AWS::ECS::TaskDefinition",
    },
    "FargateRunnerJobExecutorJobsTaskExecutionRole17061031": Object {
      "Properties": Object {
        "AssumeRolePolicyDocument": Object {
          "Statement": Array [
            Object {
              "Action": "sts:AssumeRole",
              "Effect": "Allow",
              "Principal": Object {
                "Service": "ecs-tasks.amazonaws.com",
              },
            },
          ],
          "Version": "2012-10-17",
        },
      },
      "Type": "AWS::IAM::Role",
    },
    "FargateRunnerJobExecutorJobsTaskExecutionRoleDefaultPolicy0D855F19": Object {
      "Properties": Object {
        "PolicyDocument": Object {
          "Statement": Array [
            Object {
              "Action": Array [
                "logs:CreateLogStream",
                "logs:PutLogEvents",
              ],
              "Effect": "Allow",
              "Resource": Object {
                "Fn::GetAtt": Array [
                  "FargateRunnerJobExecutorJobsTaskcicoordinatorLogGroupDEDE9F6E",
                  "Arn",
                ],
              },
            },
          ],
          "Version": "2012-10-17",
        },
        "PolicyName": "FargateRunnerJobExecutorJobsTaskExecutionRoleDefaultPolicy0D855F19",
        "Roles": Array [
          Object {
            "Ref": "FargateRunnerJobExecutorJobsTaskExecutionRole17061031",
          },
        ],
      },
      "Type": "AWS::IAM::Policy",
    },
    "FargateRunnerJobExecutorJobsTaskTaskRole500E6ADF": Object {
      "Properties": Object {
        "AssumeRolePolicyDocument": Object {
          "Statement": Array [
            Object {
              "Action": "sts:AssumeRole",
              "Effect": "Allow",
              "Principal": Object {
                "Service": "ecs-tasks.amazonaws.com",
              },
            },
          ],
          "Version": "2012-10-17",
        },
      },
      "Type": "AWS::IAM::Role",
    },
    "FargateRunnerJobExecutorJobsTaskcicoordinatorLogGroupDEDE9F6E": Object {
      "DeletionPolicy": "Retain",
      "Properties": Object {
        "RetentionInDays": 7,
      },
      "Type": "AWS::Logs::LogGroup",
      "UpdateReplacePolicy": "Retain",
    },
    "FargateRunnerRunnerManagerService6E98525F": Object {
      "Properties": Object {
        "Cluster": Object {
          "Ref": "FargateRunnerClusterFFA572F1",
        },
        "DeploymentConfiguration": Object {
          "MaximumPercent": 200,
          "MinimumHealthyPercent": 50,
        },
        "DesiredCount": 1,
        "EnableECSManagedTags": false,
        "LaunchType": "FARGATE",
        "NetworkConfiguration": Object {
          "AwsvpcConfiguration": Object {
            "AssignPublicIp": "DISABLED",
            "SecurityGroups": Array [
              Object {
                "Fn::GetAtt": Array [
                  "FargateRunnerFargateSecurityGroupC01BE5FB",
                  "GroupId",
                ],
              },
            ],
            "Subnets": Array [
              Object {
                "Ref": "VpcPrivateSubnet1Subnet536B997A",
              },
              Object {
                "Ref": "VpcPrivateSubnet2Subnet3788AAA1",
              },
            ],
          },
        },
        "TaskDefinition": Object {
          "Ref": "FargateRunnerRunnerTask485CDCA5",
        },
      },
      "Type": "AWS::ECS::Service",
    },
    "FargateRunnerRunnerTask485CDCA5": Object {
      "Properties": Object {
        "ContainerDefinitions": Array [
          Object {
            "Environment": Array [
              Object {
                "Name": "GITLAB_REGISTRATION_TOKEN",
                "Value": "mock",
              },
              Object {
                "Name": "GITLAB_URL",
                "Value": "https://gitlab.com",
              },
              Object {
                "Name": "FARGATE_REGION",
                "Value": "us-east-1",
              },
              Object {
                "Name": "FARGATE_CLUSTER",
                "Value": Object {
                  "Ref": "FargateRunnerClusterFFA572F1",
                },
              },
              Object {
                "Name": "FARGATE_SUBNET",
                "Value": Object {
                  "Ref": "VpcPrivateSubnet1Subnet536B997A",
                },
              },
              Object {
                "Name": "FARGATE_SECURITY_GROUP",
                "Value": Object {
                  "Fn::GetAtt": Array [
                    "FargateRunnerFargateSecurityGroupC01BE5FB",
                    "GroupId",
                  ],
                },
              },
              Object {
                "Name": "FARGATE_TASK_DEFINITION",
                "Value": Object {
                  "Ref": "JobExecutorJobsTask6E8000D3",
                },
              },
              Object {
                "Name": "RUNNER_TAG_LIST",
                "Value": "fargate,gitlab,aws,docker",
              },
            ],
            "Essential": true,
            "Image": "registry.gitlab.com/pahud/docker-gitlab-runner-fargate-driver",
            "LogConfiguration": Object {
              "LogDriver": "awslogs",
              "Options": Object {
                "awslogs-group": Object {
                  "Ref": "FargateRunnerRunnerTaskrunnerLogGroup98D7ED88",
                },
                "awslogs-region": "us-east-1",
                "awslogs-stream-prefix": "GitlabRunnerManager",
              },
            },
            "Name": "runner",
          },
        ],
        "Cpu": "256",
        "ExecutionRoleArn": Object {
          "Fn::GetAtt": Array [
            "FargateRunnerRunnerTaskExecutionRole57895ADB",
            "Arn",
          ],
        },
        "Family": "integstackFargateRunnerRunnerTask0679A865",
        "Memory": "512",
        "NetworkMode": "awsvpc",
        "RequiresCompatibilities": Array [
          "FARGATE",
        ],
        "TaskRoleArn": Object {
          "Fn::GetAtt": Array [
            "FargateRunnerRunnerTaskTaskRole3E282FEA",
            "Arn",
          ],
        },
      },
      "Type": "AWS::ECS::TaskDefinition",
    },
    "FargateRunnerRunnerTaskExecutionRole57895ADB": Object {
      "Properties": Object {
        "AssumeRolePolicyDocument": Object {
          "Statement": Array [
            Object {
              "Action": "sts:AssumeRole",
              "Effect": "Allow",
              "Principal": Object {
                "Service": "ecs-tasks.amazonaws.com",
              },
            },
          ],
          "Version": "2012-10-17",
        },
      },
      "Type": "AWS::IAM::Role",
    },
    "FargateRunnerRunnerTaskExecutionRoleDefaultPolicy28C40137": Object {
      "Properties": Object {
        "PolicyDocument": Object {
          "Statement": Array [
            Object {
              "Action": Array [
                "logs:CreateLogStream",
                "logs:PutLogEvents",
              ],
              "Effect": "Allow",
              "Resource": Object {
                "Fn::GetAtt": Array [
                  "FargateRunnerRunnerTaskrunnerLogGroup98D7ED88",
                  "Arn",
                ],
              },
            },
          ],
          "Version": "2012-10-17",
        },
        "PolicyName": "FargateRunnerRunnerTaskExecutionRoleDefaultPolicy28C40137",
        "Roles": Array [
          Object {
            "Ref": "FargateRunnerRunnerTaskExecutionRole57895ADB",
          },
        ],
      },
      "Type": "AWS::IAM::Policy",
    },
    "FargateRunnerRunnerTaskTaskRole3E282FEA": Object {
      "Properties": Object {
        "AssumeRolePolicyDocument": Object {
          "Statement": Array [
            Object {
              "Action": "sts:AssumeRole",
              "Effect": "Allow",
              "Principal": Object {
                "Service": "ecs-tasks.amazonaws.com",
              },
            },
          ],
          "Version": "2012-10-17",
        },
        "ManagedPolicyArns": Array [
          Object {
            "Fn::Join": Array [
              "",
              Array [
                "arn:",
                Object {
                  "Ref": "AWS::Partition",
                },
                ":iam::aws:policy/AmazonECS_FullAccess",
              ],
            ],
          },
        ],
      },
      "Type": "AWS::IAM::Role",
    },
    "FargateRunnerRunnerTaskrunnerLogGroup98D7ED88": Object {
      "DeletionPolicy": "Retain",
      "Properties": Object {
        "RetentionInDays": 7,
      },
      "Type": "AWS::Logs::LogGroup",
      "UpdateReplacePolicy": "Retain",
    },
    "GitlabEksCluster04011DE8": Object {
      "DeletionPolicy": "Delete",
      "DependsOn": Array [
        "GitlabEksClusterCreationRoleDefaultPolicy48F9306E",
        "GitlabEksClusterCreationRoleFA5C3E1D",
        "VpcIGWD7BA715C",
        "VpcPrivateSubnet1DefaultRouteBE02A9ED",
        "VpcPrivateSubnet1RouteTableB2C5B500",
        "VpcPrivateSubnet1RouteTableAssociation70C59FA6",
        "VpcPrivateSubnet1Subnet536B997A",
        "VpcPrivateSubnet2DefaultRoute060D2087",
        "VpcPrivateSubnet2RouteTableA678073B",
        "VpcPrivateSubnet2RouteTableAssociationA89CAD56",
        "VpcPrivateSubnet2Subnet3788AAA1",
        "VpcPublicSubnet1DefaultRoute3DA9E72A",
        "VpcPublicSubnet1EIPD7E02669",
        "VpcPublicSubnet1NATGateway4D7517AA",
        "VpcPublicSubnet1RouteTable6C95E38E",
        "VpcPublicSubnet1RouteTableAssociation97140677",
        "VpcPublicSubnet1Subnet5C2D37C4",
        "VpcPublicSubnet2DefaultRoute97F91067",
        "VpcPublicSubnet2RouteTable94F7E489",
        "VpcPublicSubnet2RouteTableAssociationDD5762D8",
        "VpcPublicSubnet2Subnet691E08A3",
        "Vpc8378EB38",
        "VpcVPCGWBF912B6E",
      ],
      "Properties": Object {
        "AssumeRoleArn": Object {
          "Fn::GetAtt": Array [
            "GitlabEksClusterCreationRoleFA5C3E1D",
            "Arn",
          ],
        },
        "AttributesRevision": 2,
        "Config": Object {
          "resourcesVpcConfig": Object {
            "endpointPrivateAccess": true,
            "endpointPublicAccess": true,
            "securityGroupIds": Array [
              Object {
                "Fn::GetAtt": Array [
                  "GitlabEksClusterControlPlaneSecurityGroup486577CA",
                  "GroupId",
                ],
              },
            ],
            "subnetIds": Array [
              Object {
                "Ref": "VpcPublicSubnet1Subnet5C2D37C4",
              },
              Object {
                "Ref": "VpcPublicSubnet2Subnet691E08A3",
              },
              Object {
                "Ref": "VpcPrivateSubnet1Subnet536B997A",
              },
              Object {
                "Ref": "VpcPrivateSubnet2Subnet3788AAA1",
              },
            ],
          },
          "roleArn": Object {
            "Fn::GetAtt": Array [
              "GitlabEksClusterRole49C5ADB7",
              "Arn",
            ],
          },
          "version": "1.18",
        },
        "ServiceToken": Object {
          "Fn::GetAtt": Array [
            "awscdkawseksClusterResourceProviderNestedStackawscdkawseksClusterResourceProviderNestedStackResource9827C454",
            "Outputs.integstackawscdkawseksClusterResourceProviderframeworkonEvent212B1211Arn",
          ],
        },
      },
      "Type": "Custom::AWSCDK-EKS-Cluster",
      "UpdateReplacePolicy": "Delete",
    },
    "GitlabEksClusterAwsAuthmanifest41274017": Object {
      "DeletionPolicy": "Delete",
      "DependsOn": Array [
        "GitlabEksClusterKubectlReadyBarrierF39FD0FB",
      ],
      "Properties": Object {
        "ClusterName": Object {
          "Ref": "GitlabEksCluster04011DE8",
        },
        "Manifest": Object {
          "Fn::Join": Array [
            "",
            Array [
              "[{\\"apiVersion\\":\\"v1\\",\\"kind\\":\\"ConfigMap\\",\\"metadata\\":{\\"name\\":\\"aws-auth\\",\\"namespace\\":\\"kube-system\\"},\\"data\\":{\\"mapRoles\\":\\"[{\\\\\\"rolearn\\\\\\":\\\\\\"",
              Object {
                "Fn::GetAtt": Array [
                  "GitlabEksClusterMastersRole5C87183A",
                  "Arn",
                ],
              },
              "\\\\\\",\\\\\\"username\\\\\\":\\\\\\"",
              Object {
                "Fn::GetAtt": Array [
                  "GitlabEksClusterMastersRole5C87183A",
                  "Arn",
                ],
              },
              "\\\\\\",\\\\\\"groups\\\\\\":[\\\\\\"system:masters\\\\\\"]},{\\\\\\"rolearn\\\\\\":\\\\\\"",
              Object {
                "Fn::GetAtt": Array [
                  "GitlabEksClusterNodegroupDefaultCapacityNodeGroupRoleD3626F4D",
                  "Arn",
                ],
              },
              "\\\\\\",\\\\\\"username\\\\\\":\\\\\\"system:node:{{EC2PrivateDNSName}}\\\\\\",\\\\\\"groups\\\\\\":[\\\\\\"system:bootstrappers\\\\\\",\\\\\\"system:nodes\\\\\\"]}]\\",\\"mapUsers\\":\\"[]\\",\\"mapAccounts\\":\\"[]\\"}}]",
            ],
          ],
        },
        "RoleArn": Object {
          "Fn::GetAtt": Array [
            "GitlabEksClusterCreationRoleFA5C3E1D",
            "Arn",
          ],
        },
        "ServiceToken": Object {
          "Fn::GetAtt": Array [
            "awscdkawseksKubectlProviderNestedStackawscdkawseksKubectlProviderNestedStackResourceA7AEBA6B",
            "Outputs.integstackawscdkawseksKubectlProviderframeworkonEvent0B680441Arn",
          ],
        },
      },
      "Type": "Custom::AWSCDK-EKS-KubernetesResource",
      "UpdateReplacePolicy": "Delete",
    },
    "GitlabEksClusterControlPlaneSecurityGroup486577CA": Object {
      "Properties": Object {
        "GroupDescription": "EKS Control Plane Security Group",
        "SecurityGroupEgress": Array [
          Object {
            "CidrIp": "0.0.0.0/0",
            "Description": "Allow all outbound traffic by default",
            "IpProtocol": "-1",
          },
        ],
        "VpcId": Object {
          "Ref": "Vpc8378EB38",
        },
      },
      "Type": "AWS::EC2::SecurityGroup",
    },
    "GitlabEksClusterCreationRoleDefaultPolicy48F9306E": Object {
      "DependsOn": Array [
        "VpcIGWD7BA715C",
        "VpcPrivateSubnet1DefaultRouteBE02A9ED",
        "VpcPrivateSubnet1RouteTableB2C5B500",
        "VpcPrivateSubnet1RouteTableAssociation70C59FA6",
        "VpcPrivateSubnet1Subnet536B997A",
        "VpcPrivateSubnet2DefaultRoute060D2087",
        "VpcPrivateSubnet2RouteTableA678073B",
        "VpcPrivateSubnet2RouteTableAssociationA89CAD56",
        "VpcPrivateSubnet2Subnet3788AAA1",
        "VpcPublicSubnet1DefaultRoute3DA9E72A",
        "VpcPublicSubnet1EIPD7E02669",
        "VpcPublicSubnet1NATGateway4D7517AA",
        "VpcPublicSubnet1RouteTable6C95E38E",
        "VpcPublicSubnet1RouteTableAssociation97140677",
        "VpcPublicSubnet1Subnet5C2D37C4",
        "VpcPublicSubnet2DefaultRoute97F91067",
        "VpcPublicSubnet2RouteTable94F7E489",
        "VpcPublicSubnet2RouteTableAssociationDD5762D8",
        "VpcPublicSubnet2Subnet691E08A3",
        "Vpc8378EB38",
        "VpcVPCGWBF912B6E",
      ],
      "Properties": Object {
        "PolicyDocument": Object {
          "Statement": Array [
            Object {
              "Action": "iam:PassRole",
              "Effect": "Allow",
              "Resource": Object {
                "Fn::GetAtt": Array [
                  "GitlabEksClusterRole49C5ADB7",
                  "Arn",
                ],
              },
            },
            Object {
              "Action": Array [
                "ec2:DescribeSubnets",
                "ec2:DescribeRouteTables",
              ],
              "Effect": "Allow",
              "Resource": "*",
            },
            Object {
              "Action": Array [
                "eks:CreateCluster",
                "eks:DescribeCluster",
                "eks:DescribeUpdate",
                "eks:DeleteCluster",
                "eks:UpdateClusterVersion",
                "eks:UpdateClusterConfig",
                "eks:CreateFargateProfile",
                "eks:TagResource",
                "eks:UntagResource",
              ],
              "Effect": "Allow",
              "Resource": Array [
                "*",
              ],
            },
            Object {
              "Action": Array [
                "eks:DescribeFargateProfile",
                "eks:DeleteFargateProfile",
              ],
              "Effect": "Allow",
              "Resource": "*",
            },
            Object {
              "Action": Array [
                "iam:GetRole",
                "iam:listAttachedRolePolicies",
              ],
              "Effect": "Allow",
              "Resource": "*",
            },
            Object {
              "Action": "iam:CreateServiceLinkedRole",
              "Effect": "Allow",
              "Resource": "*",
            },
            Object {
              "Action": "ec2:DescribeVpcs",
              "Effect": "Allow",
              "Resource": Object {
                "Fn::Join": Array [
                  "",
                  Array [
                    "arn:",
                    Object {
                      "Ref": "AWS::Partition",
                    },
                    ":ec2:us-east-1:",
                    Object {
                      "Ref": "AWS::AccountId",
                    },
                    ":vpc/",
                    Object {
                      "Ref": "Vpc8378EB38",
                    },
                  ],
                ],
              },
            },
          ],
          "Version": "2012-10-17",
        },
        "PolicyName": "GitlabEksClusterCreationRoleDefaultPolicy48F9306E",
        "Roles": Array [
          Object {
            "Ref": "GitlabEksClusterCreationRoleFA5C3E1D",
          },
        ],
      },
      "Type": "AWS::IAM::Policy",
    },
    "GitlabEksClusterCreationRoleFA5C3E1D": Object {
      "DependsOn": Array [
        "VpcIGWD7BA715C",
        "VpcPrivateSubnet1DefaultRouteBE02A9ED",
        "VpcPrivateSubnet1RouteTableB2C5B500",
        "VpcPrivateSubnet1RouteTableAssociation70C59FA6",
        "VpcPrivateSubnet1Subnet536B997A",
        "VpcPrivateSubnet2DefaultRoute060D2087",
        "VpcPrivateSubnet2RouteTableA678073B",
        "VpcPrivateSubnet2RouteTableAssociationA89CAD56",
        "VpcPrivateSubnet2Subnet3788AAA1",
        "VpcPublicSubnet1DefaultRoute3DA9E72A",
        "VpcPublicSubnet1EIPD7E02669",
        "VpcPublicSubnet1NATGateway4D7517AA",
        "VpcPublicSubnet1RouteTable6C95E38E",
        "VpcPublicSubnet1RouteTableAssociation97140677",
        "VpcPublicSubnet1Subnet5C2D37C4",
        "VpcPublicSubnet2DefaultRoute97F91067",
        "VpcPublicSubnet2RouteTable94F7E489",
        "VpcPublicSubnet2RouteTableAssociationDD5762D8",
        "VpcPublicSubnet2Subnet691E08A3",
        "Vpc8378EB38",
        "VpcVPCGWBF912B6E",
      ],
      "Properties": Object {
        "AssumeRolePolicyDocument": Object {
          "Statement": Array [
            Object {
              "Action": "sts:AssumeRole",
              "Effect": "Allow",
              "Principal": Object {
                "AWS": Object {
                  "Fn::Join": Array [
                    "",
                    Array [
                      "arn:",
                      Object {
                        "Ref": "AWS::Partition",
                      },
                      ":iam::",
                      Object {
                        "Ref": "AWS::AccountId",
                      },
                      ":root",
                    ],
                  ],
                },
              },
            },
          ],
          "Version": "2012-10-17",
        },
      },
      "Type": "AWS::IAM::Role",
    },
    "GitlabEksClusterKubectlReadyBarrierF39FD0FB": Object {
      "DependsOn": Array [
        "GitlabEksClusterCreationRoleDefaultPolicy48F9306E",
        "GitlabEksClusterCreationRoleFA5C3E1D",
        "GitlabEksCluster04011DE8",
      ],
      "Properties": Object {
        "Type": "String",
        "Value": "aws:cdk:eks:kubectl-ready",
      },
      "Type": "AWS::SSM::Parameter",
    },
    "GitlabEksClusterMastersRole5C87183A": Object {
      "Properties": Object {
        "AssumeRolePolicyDocument": Object {
          "Statement": Array [
            Object {
              "Action": "sts:AssumeRole",
              "Effect": "Allow",
              "Principal": Object {
                "AWS": Object {
                  "Fn::Join": Array [
                    "",
                    Array [
                      "arn:",
                      Object {
                        "Ref": "AWS::Partition",
                      },
                      ":iam::",
                      Object {
                        "Ref": "AWS::AccountId",
                      },
                      ":root",
                    ],
                  ],
                },
              },
            },
          ],
          "Version": "2012-10-17",
        },
      },
      "Type": "AWS::IAM::Role",
    },
    "GitlabEksClusterNodegroupDefaultCapacity6A883D4A": Object {
      "Properties": Object {
        "AmiType": "AL2_x86_64",
        "ClusterName": Object {
          "Ref": "GitlabEksCluster04011DE8",
        },
        "ForceUpdateEnabled": true,
        "InstanceTypes": Array [
          "m5.large",
        ],
        "NodeRole": Object {
          "Fn::GetAtt": Array [
            "GitlabEksClusterNodegroupDefaultCapacityNodeGroupRoleD3626F4D",
            "Arn",
          ],
        },
        "ScalingConfig": Object {
          "DesiredSize": 2,
          "MaxSize": 2,
          "MinSize": 2,
        },
        "Subnets": Array [
          Object {
            "Ref": "VpcPrivateSubnet1Subnet536B997A",
          },
          Object {
            "Ref": "VpcPrivateSubnet2Subnet3788AAA1",
          },
        ],
      },
      "Type": "AWS::EKS::Nodegroup",
    },
    "GitlabEksClusterNodegroupDefaultCapacityNodeGroupRoleD3626F4D": Object {
      "Properties": Object {
        "AssumeRolePolicyDocument": Object {
          "Statement": Array [
            Object {
              "Action": "sts:AssumeRole",
              "Effect": "Allow",
              "Principal": Object {
                "Service": "ec2.amazonaws.com",
              },
            },
          ],
          "Version": "2012-10-17",
        },
        "ManagedPolicyArns": Array [
          Object {
            "Fn::Join": Array [
              "",
              Array [
                "arn:",
                Object {
                  "Ref": "AWS::Partition",
                },
                ":iam::aws:policy/AmazonEKSWorkerNodePolicy",
              ],
            ],
          },
          Object {
            "Fn::Join": Array [
              "",
              Array [
                "arn:",
                Object {
                  "Ref": "AWS::Partition",
                },
                ":iam::aws:policy/AmazonEKS_CNI_Policy",
              ],
            ],
          },
          Object {
            "Fn::Join": Array [
              "",
              Array [
                "arn:",
                Object {
                  "Ref": "AWS::Partition",
                },
                ":iam::aws:policy/AmazonEC2ContainerRegistryReadOnly",
              ],
            ],
          },
        ],
      },
      "Type": "AWS::IAM::Role",
    },
    "GitlabEksClusterRole49C5ADB7": Object {
      "Properties": Object {
        "AssumeRolePolicyDocument": Object {
          "Statement": Array [
            Object {
              "Action": "sts:AssumeRole",
              "Effect": "Allow",
              "Principal": Object {
                "Service": "eks.amazonaws.com",
              },
            },
          ],
          "Version": "2012-10-17",
        },
        "ManagedPolicyArns": Array [
          Object {
            "Fn::Join": Array [
              "",
              Array [
                "arn:",
                Object {
                  "Ref": "AWS::Partition",
                },
                ":iam::aws:policy/AmazonEKSClusterPolicy",
              ],
            ],
          },
        ],
      },
      "Type": "AWS::IAM::Role",
    },
    "GitlabProviderFargateRunnerCluster69894B32": Object {
      "Type": "AWS::ECS::Cluster",
    },
    "GitlabProviderFargateRunnerFargateSecurityGroup83A59793": Object {
      "Properties": Object {
        "GroupDescription": "integ-stack/GitlabProvider/FargateRunner/FargateSecurityGroup",
        "SecurityGroupEgress": Array [
          Object {
            "CidrIp": "0.0.0.0/0",
            "Description": "Allow all outbound traffic by default",
            "IpProtocol": "-1",
          },
        ],
        "VpcId": Object {
          "Ref": "Vpc8378EB38",
        },
      },
      "Type": "AWS::EC2::SecurityGroup",
    },
    "GitlabProviderFargateRunnerFargateSecurityGroupfromintegstackGitlabProviderFargateRunnerFargateSecurityGroup1135C0B7ALLTRAFFICD1B63822": Object {
      "Properties": Object {
        "Description": "from integstackGitlabProviderFargateRunnerFargateSecurityGroup1135C0B7:ALL TRAFFIC",
        "GroupId": Object {
          "Fn::GetAtt": Array [
            "GitlabProviderFargateRunnerFargateSecurityGroup83A59793",
            "GroupId",
          ],
        },
        "IpProtocol": "-1",
        "SourceSecurityGroupId": Object {
          "Fn::GetAtt": Array [
            "GitlabProviderFargateRunnerFargateSecurityGroup83A59793",
            "GroupId",
          ],
        },
      },
      "Type": "AWS::EC2::SecurityGroupIngress",
    },
    "GitlabProviderFargateRunnerJobExecutorJobsTaskAB6D349C": Object {
      "Properties": Object {
        "ContainerDefinitions": Array [
          Object {
            "Essential": true,
            "Image": "registry.gitlab.com/tmaczukin-test-projects/fargate-driver-debian:latest",
            "LogConfiguration": Object {
              "LogDriver": "awslogs",
              "Options": Object {
                "awslogs-group": Object {
                  "Ref": "GitlabProviderFargateRunnerJobExecutorJobsTaskcicoordinatorLogGroup40CF368A",
                },
                "awslogs-region": "us-east-1",
                "awslogs-stream-prefix": "GitlabRunnerJob",
              },
            },
            "Name": "ci-coordinator",
            "PortMappings": Array [
              Object {
                "ContainerPort": 22,
                "Protocol": "tcp",
              },
            ],
          },
        ],
        "Cpu": "256",
        "ExecutionRoleArn": Object {
          "Fn::GetAtt": Array [
            "GitlabProviderFargateRunnerJobExecutorJobsTaskExecutionRoleC5FE41A6",
            "Arn",
          ],
        },
        "Family": "integstackGitlabProviderFargateRunnerJobExecutorJobsTaskF5D1928A",
        "Memory": "512",
        "NetworkMode": "awsvpc",
        "RequiresCompatibilities": Array [
          "FARGATE",
        ],
        "TaskRoleArn": Object {
          "Fn::GetAtt": Array [
            "GitlabProviderFargateRunnerJobExecutorJobsTaskTaskRole1A8F051B",
            "Arn",
          ],
        },
      },
      "Type": "AWS::ECS::TaskDefinition",
    },
    "GitlabProviderFargateRunnerJobExecutorJobsTaskExecutionRoleC5FE41A6": Object {
      "Properties": Object {
        "AssumeRolePolicyDocument": Object {
          "Statement": Array [
            Object {
              "Action": "sts:AssumeRole",
              "Effect": "Allow",
              "Principal": Object {
                "Service": "ecs-tasks.amazonaws.com",
              },
            },
          ],
          "Version": "2012-10-17",
        },
      },
      "Type": "AWS::IAM::Role",
    },
    "GitlabProviderFargateRunnerJobExecutorJobsTaskExecutionRoleDefaultPolicyF42EF37D": Object {
      "Properties": Object {
        "PolicyDocument": Object {
          "Statement": Array [
            Object {
              "Action": Array [
                "logs:CreateLogStream",
                "logs:PutLogEvents",
              ],
              "Effect": "Allow",
              "Resource": Object {
                "Fn::GetAtt": Array [
                  "GitlabProviderFargateRunnerJobExecutorJobsTaskcicoordinatorLogGroup40CF368A",
                  "Arn",
                ],
              },
            },
          ],
          "Version": "2012-10-17",
        },
        "PolicyName": "GitlabProviderFargateRunnerJobExecutorJobsTaskExecutionRoleDefaultPolicyF42EF37D",
        "Roles": Array [
          Object {
            "Ref": "GitlabProviderFargateRunnerJobExecutorJobsTaskExecutionRoleC5FE41A6",
          },
        ],
      },
      "Type": "AWS::IAM::Policy",
    },
    "GitlabProviderFargateRunnerJobExecutorJobsTaskTaskRole1A8F051B": Object {
      "Properties": Object {
        "AssumeRolePolicyDocument": Object {
          "Statement": Array [
            Object {
              "Action": "sts:AssumeRole",
              "Effect": "Allow",
              "Principal": Object {
                "Service": "ecs-tasks.amazonaws.com",
              },
            },
          ],
          "Version": "2012-10-17",
        },
      },
      "Type": "AWS::IAM::Role",
    },
    "GitlabProviderFargateRunnerJobExecutorJobsTaskcicoordinatorLogGroup40CF368A": Object {
      "DeletionPolicy": "Retain",
      "Properties": Object {
        "RetentionInDays": 7,
      },
      "Type": "AWS::Logs::LogGroup",
      "UpdateReplacePolicy": "Retain",
    },
    "GitlabProviderFargateRunnerRunnerManagerService95EFD79A": Object {
      "Properties": Object {
        "Cluster": Object {
          "Ref": "GitlabProviderFargateRunnerCluster69894B32",
        },
        "DeploymentConfiguration": Object {
          "MaximumPercent": 200,
          "MinimumHealthyPercent": 50,
        },
        "DesiredCount": 1,
        "EnableECSManagedTags": false,
        "LaunchType": "FARGATE",
        "NetworkConfiguration": Object {
          "AwsvpcConfiguration": Object {
            "AssignPublicIp": "DISABLED",
            "SecurityGroups": Array [
              Object {
                "Fn::GetAtt": Array [
                  "GitlabProviderFargateRunnerFargateSecurityGroup83A59793",
                  "GroupId",
                ],
              },
            ],
            "Subnets": Array [
              Object {
                "Ref": "VpcPrivateSubnet1Subnet536B997A",
              },
              Object {
                "Ref": "VpcPrivateSubnet2Subnet3788AAA1",
              },
            ],
          },
        },
        "TaskDefinition": Object {
          "Ref": "GitlabProviderFargateRunnerRunnerTask00C6B3F1",
        },
      },
      "Type": "AWS::ECS::Service",
    },
    "GitlabProviderFargateRunnerRunnerTask00C6B3F1": Object {
      "Properties": Object {
        "ContainerDefinitions": Array [
          Object {
            "Environment": Array [
              Object {
                "Name": "GITLAB_REGISTRATION_TOKEN",
                "Value": "mock",
              },
              Object {
                "Name": "GITLAB_URL",
                "Value": "https://gitlab.com",
              },
              Object {
                "Name": "GITLAB_URL",
                "Value": "https://gitlab.com",
              },
              Object {
                "Name": "FARGATE_REGION",
                "Value": "us-east-1",
              },
              Object {
                "Name": "FARGATE_CLUSTER",
                "Value": Object {
                  "Ref": "GitlabProviderFargateRunnerCluster69894B32",
                },
              },
              Object {
                "Name": "FARGATE_SUBNET",
                "Value": Object {
                  "Ref": "VpcPrivateSubnet1Subnet536B997A",
                },
              },
              Object {
                "Name": "FARGATE_SECURITY_GROUP",
                "Value": Object {
                  "Fn::GetAtt": Array [
                    "GitlabProviderFargateRunnerFargateSecurityGroup83A59793",
                    "GroupId",
                  ],
                },
              },
              Object {
                "Name": "FARGATE_TASK_DEFINITION",
                "Value": Object {
                  "Ref": "GitlabProviderFargateRunnerJobExecutorJobsTaskAB6D349C",
                },
              },
              Object {
                "Name": "RUNNER_TAG_LIST",
                "Value": "fargate,gitlab,aws,docker",
              },
            ],
            "Essential": true,
            "Image": "registry.gitlab.com/pahud/docker-gitlab-runner-fargate-driver",
            "LogConfiguration": Object {
              "LogDriver": "awslogs",
              "Options": Object {
                "awslogs-group": Object {
                  "Ref": "GitlabProviderFargateRunnerRunnerTaskrunnerLogGroup93470F50",
                },
                "awslogs-region": "us-east-1",
                "awslogs-stream-prefix": "GitlabRunnerManager",
              },
            },
            "Name": "runner",
          },
        ],
        "Cpu": "256",
        "ExecutionRoleArn": Object {
          "Fn::GetAtt": Array [
            "GitlabProviderFargateRunnerRunnerTaskExecutionRoleB47B20BF",
            "Arn",
          ],
        },
        "Family": "integstackGitlabProviderFargateRunnerRunnerTaskEFA09A68",
        "Memory": "512",
        "NetworkMode": "awsvpc",
        "RequiresCompatibilities": Array [
          "FARGATE",
        ],
        "TaskRoleArn": Object {
          "Fn::GetAtt": Array [
            "GitlabProviderFargateRunnerRunnerTaskTaskRole9E1CCA0D",
            "Arn",
          ],
        },
      },
      "Type": "AWS::ECS::TaskDefinition",
    },
    "GitlabProviderFargateRunnerRunnerTaskExecutionRoleB47B20BF": Object {
      "Properties": Object {
        "AssumeRolePolicyDocument": Object {
          "Statement": Array [
            Object {
              "Action": "sts:AssumeRole",
              "Effect": "Allow",
              "Principal": Object {
                "Service": "ecs-tasks.amazonaws.com",
              },
            },
          ],
          "Version": "2012-10-17",
        },
      },
      "Type": "AWS::IAM::Role",
    },
    "GitlabProviderFargateRunnerRunnerTaskExecutionRoleDefaultPolicy6FB60034": Object {
      "Properties": Object {
        "PolicyDocument": Object {
          "Statement": Array [
            Object {
              "Action": Array [
                "logs:CreateLogStream",
                "logs:PutLogEvents",
              ],
              "Effect": "Allow",
              "Resource": Object {
                "Fn::GetAtt": Array [
                  "GitlabProviderFargateRunnerRunnerTaskrunnerLogGroup93470F50",
                  "Arn",
                ],
              },
            },
          ],
          "Version": "2012-10-17",
        },
        "PolicyName": "GitlabProviderFargateRunnerRunnerTaskExecutionRoleDefaultPolicy6FB60034",
        "Roles": Array [
          Object {
            "Ref": "GitlabProviderFargateRunnerRunnerTaskExecutionRoleB47B20BF",
          },
        ],
      },
      "Type": "AWS::IAM::Policy",
    },
    "GitlabProviderFargateRunnerRunnerTaskTaskRole9E1CCA0D": Object {
      "Properties": Object {
        "AssumeRolePolicyDocument": Object {
          "Statement": Array [
            Object {
              "Action": "sts:AssumeRole",
              "Effect": "Allow",
              "Principal": Object {
                "Service": "ecs-tasks.amazonaws.com",
              },
            },
          ],
          "Version": "2012-10-17",
        },
        "ManagedPolicyArns": Array [
          Object {
            "Fn::Join": Array [
              "",
              Array [
                "arn:",
                Object {
                  "Ref": "AWS::Partition",
                },
                ":iam::aws:policy/AmazonECS_FullAccess",
              ],
            ],
          },
        ],
      },
      "Type": "AWS::IAM::Role",
    },
    "GitlabProviderFargateRunnerRunnerTaskrunnerLogGroup93470F50": Object {
      "DeletionPolicy": "Retain",
      "Properties": Object {
        "RetentionInDays": 7,
      },
      "Type": "AWS::Logs::LogGroup",
      "UpdateReplacePolicy": "Retain",
    },
    "JobExecutorJobsTask6E8000D3": Object {
      "Properties": Object {
        "ContainerDefinitions": Array [
          Object {
            "Essential": true,
            "Image": "registry.gitlab.com/tmaczukin-test-projects/fargate-driver-debian:latest",
            "LogConfiguration": Object {
              "LogDriver": "awslogs",
              "Options": Object {
                "awslogs-group": Object {
                  "Ref": "JobExecutorJobsTaskcicoordinatorLogGroup8879A6BF",
                },
                "awslogs-region": "us-east-1",
                "awslogs-stream-prefix": "GitlabRunnerJob",
              },
            },
            "Name": "ci-coordinator",
            "PortMappings": Array [
              Object {
                "ContainerPort": 22,
                "Protocol": "tcp",
              },
            ],
          },
        ],
        "Cpu": "256",
        "ExecutionRoleArn": Object {
          "Fn::GetAtt": Array [
            "JobExecutorJobsTaskExecutionRoleAF930FE8",
            "Arn",
          ],
        },
        "Family": "integstackJobExecutorJobsTaskA2BA4778",
        "Memory": "512",
        "NetworkMode": "awsvpc",
        "RequiresCompatibilities": Array [
          "FARGATE",
        ],
        "TaskRoleArn": Object {
          "Fn::GetAtt": Array [
            "JobExecutorJobsTaskTaskRole9690A2D1",
            "Arn",
          ],
        },
      },
      "Type": "AWS::ECS::TaskDefinition",
    },
    "JobExecutorJobsTaskExecutionRoleAF930FE8": Object {
      "Properties": Object {
        "AssumeRolePolicyDocument": Object {
          "Statement": Array [
            Object {
              "Action": "sts:AssumeRole",
              "Effect": "Allow",
              "Principal": Object {
                "Service": "ecs-tasks.amazonaws.com",
              },
            },
          ],
          "Version": "2012-10-17",
        },
      },
      "Type": "AWS::IAM::Role",
    },
    "JobExecutorJobsTaskExecutionRoleDefaultPolicy67E5CCA0": Object {
      "Properties": Object {
        "PolicyDocument": Object {
          "Statement": Array [
            Object {
              "Action": Array [
                "logs:CreateLogStream",
                "logs:PutLogEvents",
              ],
              "Effect": "Allow",
              "Resource": Object {
                "Fn::GetAtt": Array [
                  "JobExecutorJobsTaskcicoordinatorLogGroup8879A6BF",
                  "Arn",
                ],
              },
            },
          ],
          "Version": "2012-10-17",
        },
        "PolicyName": "JobExecutorJobsTaskExecutionRoleDefaultPolicy67E5CCA0",
        "Roles": Array [
          Object {
            "Ref": "JobExecutorJobsTaskExecutionRoleAF930FE8",
          },
        ],
      },
      "Type": "AWS::IAM::Policy",
    },
    "JobExecutorJobsTaskTaskRole9690A2D1": Object {
      "Properties": Object {
        "AssumeRolePolicyDocument": Object {
          "Statement": Array [
            Object {
              "Action": "sts:AssumeRole",
              "Effect": "Allow",
              "Principal": Object {
                "Service": "ecs-tasks.amazonaws.com",
              },
            },
          ],
          "Version": "2012-10-17",
        },
      },
      "Type": "AWS::IAM::Role",
    },
    "JobExecutorJobsTaskcicoordinatorLogGroup8879A6BF": Object {
      "DeletionPolicy": "Retain",
      "Properties": Object {
        "RetentionInDays": 7,
      },
      "Type": "AWS::Logs::LogGroup",
      "UpdateReplacePolicy": "Retain",
    },
    "Vpc8378EB38": Object {
      "Properties": Object {
        "CidrBlock": "10.0.0.0/16",
        "EnableDnsHostnames": true,
        "EnableDnsSupport": true,
        "InstanceTenancy": "default",
        "Tags": Array [
          Object {
            "Key": "Name",
            "Value": "integ-stack/Vpc",
          },
        ],
      },
      "Type": "AWS::EC2::VPC",
    },
    "VpcIGWD7BA715C": Object {
      "Properties": Object {
        "Tags": Array [
          Object {
            "Key": "Name",
            "Value": "integ-stack/Vpc",
          },
        ],
      },
      "Type": "AWS::EC2::InternetGateway",
    },
    "VpcPrivateSubnet1DefaultRouteBE02A9ED": Object {
      "Properties": Object {
        "DestinationCidrBlock": "0.0.0.0/0",
        "NatGatewayId": Object {
          "Ref": "VpcPublicSubnet1NATGateway4D7517AA",
        },
        "RouteTableId": Object {
          "Ref": "VpcPrivateSubnet1RouteTableB2C5B500",
        },
      },
      "Type": "AWS::EC2::Route",
    },
    "VpcPrivateSubnet1RouteTableAssociation70C59FA6": Object {
      "Properties": Object {
        "RouteTableId": Object {
          "Ref": "VpcPrivateSubnet1RouteTableB2C5B500",
        },
        "SubnetId": Object {
          "Ref": "VpcPrivateSubnet1Subnet536B997A",
        },
      },
      "Type": "AWS::EC2::SubnetRouteTableAssociation",
    },
    "VpcPrivateSubnet1RouteTableB2C5B500": Object {
      "Properties": Object {
        "Tags": Array [
          Object {
            "Key": "kubernetes.io/role/internal-elb",
            "Value": "1",
          },
          Object {
            "Key": "Name",
            "Value": "integ-stack/Vpc/PrivateSubnet1",
          },
        ],
        "VpcId": Object {
          "Ref": "Vpc8378EB38",
        },
      },
      "Type": "AWS::EC2::RouteTable",
    },
    "VpcPrivateSubnet1Subnet536B997A": Object {
      "Properties": Object {
        "AvailabilityZone": Object {
          "Fn::Select": Array [
            0,
            Object {
              "Fn::GetAZs": "",
            },
          ],
        },
        "CidrBlock": "10.0.128.0/18",
        "MapPublicIpOnLaunch": false,
        "Tags": Array [
          Object {
            "Key": "aws-cdk:subnet-name",
            "Value": "Private",
          },
          Object {
            "Key": "aws-cdk:subnet-type",
            "Value": "Private",
          },
          Object {
            "Key": "kubernetes.io/role/internal-elb",
            "Value": "1",
          },
          Object {
            "Key": "Name",
            "Value": "integ-stack/Vpc/PrivateSubnet1",
          },
        ],
        "VpcId": Object {
          "Ref": "Vpc8378EB38",
        },
      },
      "Type": "AWS::EC2::Subnet",
    },
    "VpcPrivateSubnet2DefaultRoute060D2087": Object {
      "Properties": Object {
        "DestinationCidrBlock": "0.0.0.0/0",
        "NatGatewayId": Object {
          "Ref": "VpcPublicSubnet1NATGateway4D7517AA",
        },
        "RouteTableId": Object {
          "Ref": "VpcPrivateSubnet2RouteTableA678073B",
        },
      },
      "Type": "AWS::EC2::Route",
    },
    "VpcPrivateSubnet2RouteTableA678073B": Object {
      "Properties": Object {
        "Tags": Array [
          Object {
            "Key": "kubernetes.io/role/internal-elb",
            "Value": "1",
          },
          Object {
            "Key": "Name",
            "Value": "integ-stack/Vpc/PrivateSubnet2",
          },
        ],
        "VpcId": Object {
          "Ref": "Vpc8378EB38",
        },
      },
      "Type": "AWS::EC2::RouteTable",
    },
    "VpcPrivateSubnet2RouteTableAssociationA89CAD56": Object {
      "Properties": Object {
        "RouteTableId": Object {
          "Ref": "VpcPrivateSubnet2RouteTableA678073B",
        },
        "SubnetId": Object {
          "Ref": "VpcPrivateSubnet2Subnet3788AAA1",
        },
      },
      "Type": "AWS::EC2::SubnetRouteTableAssociation",
    },
    "VpcPrivateSubnet2Subnet3788AAA1": Object {
      "Properties": Object {
        "AvailabilityZone": Object {
          "Fn::Select": Array [
            1,
            Object {
              "Fn::GetAZs": "",
            },
          ],
        },
        "CidrBlock": "10.0.192.0/18",
        "MapPublicIpOnLaunch": false,
        "Tags": Array [
          Object {
            "Key": "aws-cdk:subnet-name",
            "Value": "Private",
          },
          Object {
            "Key": "aws-cdk:subnet-type",
            "Value": "Private",
          },
          Object {
            "Key": "kubernetes.io/role/internal-elb",
            "Value": "1",
          },
          Object {
            "Key": "Name",
            "Value": "integ-stack/Vpc/PrivateSubnet2",
          },
        ],
        "VpcId": Object {
          "Ref": "Vpc8378EB38",
        },
      },
      "Type": "AWS::EC2::Subnet",
    },
    "VpcPublicSubnet1DefaultRoute3DA9E72A": Object {
      "DependsOn": Array [
        "VpcVPCGWBF912B6E",
      ],
      "Properties": Object {
        "DestinationCidrBlock": "0.0.0.0/0",
        "GatewayId": Object {
          "Ref": "VpcIGWD7BA715C",
        },
        "RouteTableId": Object {
          "Ref": "VpcPublicSubnet1RouteTable6C95E38E",
        },
      },
      "Type": "AWS::EC2::Route",
    },
    "VpcPublicSubnet1EIPD7E02669": Object {
      "Properties": Object {
        "Domain": "vpc",
        "Tags": Array [
          Object {
            "Key": "kubernetes.io/role/elb",
            "Value": "1",
          },
          Object {
            "Key": "Name",
            "Value": "integ-stack/Vpc/PublicSubnet1",
          },
        ],
      },
      "Type": "AWS::EC2::EIP",
    },
    "VpcPublicSubnet1NATGateway4D7517AA": Object {
      "Properties": Object {
        "AllocationId": Object {
          "Fn::GetAtt": Array [
            "VpcPublicSubnet1EIPD7E02669",
            "AllocationId",
          ],
        },
        "SubnetId": Object {
          "Ref": "VpcPublicSubnet1Subnet5C2D37C4",
        },
        "Tags": Array [
          Object {
            "Key": "kubernetes.io/role/elb",
            "Value": "1",
          },
          Object {
            "Key": "Name",
            "Value": "integ-stack/Vpc/PublicSubnet1",
          },
        ],
      },
      "Type": "AWS::EC2::NatGateway",
    },
    "VpcPublicSubnet1RouteTable6C95E38E": Object {
      "Properties": Object {
        "Tags": Array [
          Object {
            "Key": "kubernetes.io/role/elb",
            "Value": "1",
          },
          Object {
            "Key": "Name",
            "Value": "integ-stack/Vpc/PublicSubnet1",
          },
        ],
        "VpcId": Object {
          "Ref": "Vpc8378EB38",
        },
      },
      "Type": "AWS::EC2::RouteTable",
    },
    "VpcPublicSubnet1RouteTableAssociation97140677": Object {
      "Properties": Object {
        "RouteTableId": Object {
          "Ref": "VpcPublicSubnet1RouteTable6C95E38E",
        },
        "SubnetId": Object {
          "Ref": "VpcPublicSubnet1Subnet5C2D37C4",
        },
      },
      "Type": "AWS::EC2::SubnetRouteTableAssociation",
    },
    "VpcPublicSubnet1Subnet5C2D37C4": Object {
      "Properties": Object {
        "AvailabilityZone": Object {
          "Fn::Select": Array [
            0,
            Object {
              "Fn::GetAZs": "",
            },
          ],
        },
        "CidrBlock": "10.0.0.0/18",
        "MapPublicIpOnLaunch": true,
        "Tags": Array [
          Object {
            "Key": "aws-cdk:subnet-name",
            "Value": "Public",
          },
          Object {
            "Key": "aws-cdk:subnet-type",
            "Value": "Public",
          },
          Object {
            "Key": "kubernetes.io/role/elb",
            "Value": "1",
          },
          Object {
            "Key": "Name",
            "Value": "integ-stack/Vpc/PublicSubnet1",
          },
        ],
        "VpcId": Object {
          "Ref": "Vpc8378EB38",
        },
      },
      "Type": "AWS::EC2::Subnet",
    },
    "VpcPublicSubnet2DefaultRoute97F91067": Object {
      "DependsOn": Array [
        "VpcVPCGWBF912B6E",
      ],
      "Properties": Object {
        "DestinationCidrBlock": "0.0.0.0/0",
        "GatewayId": Object {
          "Ref": "VpcIGWD7BA715C",
        },
        "RouteTableId": Object {
          "Ref": "VpcPublicSubnet2RouteTable94F7E489",
        },
      },
      "Type": "AWS::EC2::Route",
    },
    "VpcPublicSubnet2RouteTable94F7E489": Object {
      "Properties": Object {
        "Tags": Array [
          Object {
            "Key": "kubernetes.io/role/elb",
            "Value": "1",
          },
          Object {
            "Key": "Name",
            "Value": "integ-stack/Vpc/PublicSubnet2",
          },
        ],
        "VpcId": Object {
          "Ref": "Vpc8378EB38",
        },
      },
      "Type": "AWS::EC2::RouteTable",
    },
    "VpcPublicSubnet2RouteTableAssociationDD5762D8": Object {
      "Properties": Object {
        "RouteTableId": Object {
          "Ref": "VpcPublicSubnet2RouteTable94F7E489",
        },
        "SubnetId": Object {
          "Ref": "VpcPublicSubnet2Subnet691E08A3",
        },
      },
      "Type": "AWS::EC2::SubnetRouteTableAssociation",
    },
    "VpcPublicSubnet2Subnet691E08A3": Object {
      "Properties": Object {
        "AvailabilityZone": Object {
          "Fn::Select": Array [
            1,
            Object {
              "Fn::GetAZs": "",
            },
          ],
        },
        "CidrBlock": "10.0.64.0/18",
        "MapPublicIpOnLaunch": true,
        "Tags": Array [
          Object {
            "Key": "aws-cdk:subnet-name",
            "Value": "Public",
          },
          Object {
            "Key": "aws-cdk:subnet-type",
            "Value": "Public",
          },
          Object {
            "Key": "kubernetes.io/role/elb",
            "Value": "1",
          },
          Object {
            "Key": "Name",
            "Value": "integ-stack/Vpc/PublicSubnet2",
          },
        ],
        "VpcId": Object {
          "Ref": "Vpc8378EB38",
        },
      },
      "Type": "AWS::EC2::Subnet",
    },
    "VpcVPCGWBF912B6E": Object {
      "Properties": Object {
        "InternetGatewayId": Object {
          "Ref": "VpcIGWD7BA715C",
        },
        "VpcId": Object {
          "Ref": "Vpc8378EB38",
        },
      },
      "Type": "AWS::EC2::VPCGatewayAttachment",
    },
    "awscdkawseksClusterResourceProviderNestedStackawscdkawseksClusterResourceProviderNestedStackResource9827C454": Object {
      "Properties": Object {
        "Parameters": Object {
          "referencetointegstackAssetParameters50e10880d134a01b440991fc77d217f39f01c2d56945215ee9a3b81187c6f3b1S3Bucket2509765ERef": Object {
            "Ref": "AssetParameters50e10880d134a01b440991fc77d217f39f01c2d56945215ee9a3b81187c6f3b1S3Bucket36C546E0",
          },
          "referencetointegstackAssetParameters50e10880d134a01b440991fc77d217f39f01c2d56945215ee9a3b81187c6f3b1S3VersionKey3435E212Ref": Object {
            "Ref": "AssetParameters50e10880d134a01b440991fc77d217f39f01c2d56945215ee9a3b81187c6f3b1S3VersionKey85C003F9",
          },
          "referencetointegstackAssetParametersc691172cdeefa2c91b5a2907f9d81118e47597634943344795f1a844192dd49cS3Bucket9956EB8BRef": Object {
            "Ref": "AssetParametersc691172cdeefa2c91b5a2907f9d81118e47597634943344795f1a844192dd49cS3BucketEAC9DD43",
          },
          "referencetointegstackAssetParametersc691172cdeefa2c91b5a2907f9d81118e47597634943344795f1a844192dd49cS3VersionKeyEB79234ARef": Object {
            "Ref": "AssetParametersc691172cdeefa2c91b5a2907f9d81118e47597634943344795f1a844192dd49cS3VersionKeyDD9AE9E7",
          },
          "referencetointegstackGitlabEksClusterCreationRole321E5994Arn": Object {
            "Fn::GetAtt": Array [
              "GitlabEksClusterCreationRoleFA5C3E1D",
              "Arn",
            ],
          },
        },
        "TemplateURL": Object {
          "Fn::Join": Array [
            "",
            Array [
              "https://s3.us-east-1.",
              Object {
                "Ref": "AWS::URLSuffix",
              },
              "/",
              Object {
                "Ref": "AssetParameters6f6ba65780b34ab5218a718dc1a30ed9a96795f1909db912b68ea7292e02ff74S3Bucket172A5100",
              },
              "/",
              Object {
                "Fn::Select": Array [
                  0,
                  Object {
                    "Fn::Split": Array [
                      "||",
                      Object {
                        "Ref": "AssetParameters6f6ba65780b34ab5218a718dc1a30ed9a96795f1909db912b68ea7292e02ff74S3VersionKey0EB86A6B",
                      },
                    ],
                  },
                ],
              },
              Object {
                "Fn::Select": Array [
                  1,
                  Object {
                    "Fn::Split": Array [
                      "||",
                      Object {
                        "Ref": "AssetParameters6f6ba65780b34ab5218a718dc1a30ed9a96795f1909db912b68ea7292e02ff74S3VersionKey0EB86A6B",
                      },
                    ],
                  },
                ],
              },
            ],
          ],
        },
      },
      "Type": "AWS::CloudFormation::Stack",
    },
    "awscdkawseksKubectlProviderNestedStackawscdkawseksKubectlProviderNestedStackResourceA7AEBA6B": Object {
      "Properties": Object {
        "Parameters": Object {
          "referencetointegstackAssetParametersb7d8a9750f8bfded8ac76be100e3bee1c3d4824df006766110d023f42952f5c2S3Bucket40C01ECERef": Object {
            "Ref": "AssetParametersb7d8a9750f8bfded8ac76be100e3bee1c3d4824df006766110d023f42952f5c2S3Bucket9ABBD5A2",
          },
          "referencetointegstackAssetParametersb7d8a9750f8bfded8ac76be100e3bee1c3d4824df006766110d023f42952f5c2S3VersionKey5A80EB8FRef": Object {
            "Ref": "AssetParametersb7d8a9750f8bfded8ac76be100e3bee1c3d4824df006766110d023f42952f5c2S3VersionKey40FF2C4A",
          },
          "referencetointegstackAssetParametersc691172cdeefa2c91b5a2907f9d81118e47597634943344795f1a844192dd49cS3Bucket9956EB8BRef": Object {
            "Ref": "AssetParametersc691172cdeefa2c91b5a2907f9d81118e47597634943344795f1a844192dd49cS3BucketEAC9DD43",
          },
          "referencetointegstackAssetParametersc691172cdeefa2c91b5a2907f9d81118e47597634943344795f1a844192dd49cS3VersionKeyEB79234ARef": Object {
            "Ref": "AssetParametersc691172cdeefa2c91b5a2907f9d81118e47597634943344795f1a844192dd49cS3VersionKeyDD9AE9E7",
          },
          "referencetointegstackGitlabEksCluster8EBE0379Arn": Object {
            "Fn::GetAtt": Array [
              "GitlabEksCluster04011DE8",
              "Arn",
            ],
          },
          "referencetointegstackGitlabEksCluster8EBE0379ClusterSecurityGroupId": Object {
            "Fn::GetAtt": Array [
              "GitlabEksCluster04011DE8",
              "ClusterSecurityGroupId",
            ],
          },
          "referencetointegstackGitlabEksClusterCreationRole321E5994Arn": Object {
            "Fn::GetAtt": Array [
              "GitlabEksClusterCreationRoleFA5C3E1D",
              "Arn",
            ],
          },
          "referencetointegstackVpcPrivateSubnet1Subnet057D9B63Ref": Object {
            "Ref": "VpcPrivateSubnet1Subnet536B997A",
          },
          "referencetointegstackVpcPrivateSubnet2Subnet52797007Ref": Object {
            "Ref": "VpcPrivateSubnet2Subnet3788AAA1",
          },
        },
        "TemplateURL": Object {
          "Fn::Join": Array [
            "",
            Array [
              "https://s3.us-east-1.",
              Object {
                "Ref": "AWS::URLSuffix",
              },
              "/",
              Object {
                "Ref": "AssetParameters578cc0b22693dc0174d1d1ed44a3bfc0a64a8c8ffb2826565a056f82b70b7316S3BucketC3B5FD73",
              },
              "/",
              Object {
                "Fn::Select": Array [
                  0,
                  Object {
                    "Fn::Split": Array [
                      "||",
                      Object {
                        "Ref": "AssetParameters578cc0b22693dc0174d1d1ed44a3bfc0a64a8c8ffb2826565a056f82b70b7316S3VersionKey87F332F5",
                      },
                    ],
                  },
                ],
              },
              Object {
                "Fn::Select": Array [
                  1,
                  Object {
                    "Fn::Split": Array [
                      "||",
                      Object {
                        "Ref": "AssetParameters578cc0b22693dc0174d1d1ed44a3bfc0a64a8c8ffb2826565a056f82b70b7316S3VersionKey87F332F5",
                      },
                    ],
                  },
                ],
              },
            ],
          ],
        },
      },
      "Type": "AWS::CloudFormation::Stack",
    },
  },
}
`;
